1)

[vega@lyra 2.1-native]$ icpc hello.cc -o hello.XEON
[vega@lyra 2.1-native]$ ./hello.XEON 
Hello world! I have 48 logical processors.

2)

[vega@lyra 2.1-native]$ icpc -mmic hello.cc -o hello.MIC
[vega@lyra 2.1-native]$ scp hello.MIC mic0:~/
hello.MIC        100%   11KB 10.6KB/s   00:00
[vega@lyra 2.1-native]$ ssh mic0 ~/hello.MIC
Hello world! I have 244 logical processors.


3)

[vega@lyra 2.1-native]$ micnativeloadex hello.MIC
Hello world! I have 244 logical processors.


4)

[vega@lyra 2.1-native]$ icpc -mmic -qopenmp hello.cc -o hello-openmp.MIC
[vega@lyra 2.1-native]$ scp hello-openmp.MIC mic0:~/
hello-openmp.MIC                              100%   11KB  11.3KB/s   00:00    
[vega@lyra 2.1-native]$ ssh mic0 ~/hello-openmp.MIC
/home/vega/hello-openmp.MIC: error while loading shared libraries:
libiomp5.so: cannot open shared object file: No such file or directory

[vega@lyra 2.1-native]$ sudo scp /opt/intel/compilers_and_libraries_2017.0.098/linux/compiler/lib/intel64_lin_mic/libiomp5.so mic0:/lib64
libiomp5.so                                   100% 1249KB   1.2MB/s   00:00

[vega@lyra 2.1-native]$ ssh mic0 ~/hello-openmp.MIC
Hello world! I have 244 logical processors.

5)

[vega@lyra 2.1-native]$ sudo ssh mic0 rm /lib64/libiomp5.so

[vega@lyra 2.1-native]$ micnativeloadex hello-openmp.MIC
The remote process indicated that the following libraries could not be
loaded:	libiomp5.so 
Error creating remote process, at least one library dependency is missing.
Please check the list of dependencies below to see which
one is missing and update the SINK_LD_LIBRARY_PATH
environment variable to include the missing library.


Dependency information for hello-openmp.MIC

	Full path was resolved as 
	/home/vega/labs/2/2.1-native/hello-openmp.MIC

	Binary was built for Intel(R) Xeon Phi(TM) Coprocessor
	(codename: Knights Corner) architecture

	SINK_LD_LIBRARY_PATH = 

	Dependencies Found:
		(none found)

	Dependencies Not Found Locally (but may exist already on the
coprocessor):
		libm.so.6
		libiomp5.so
		libstdc++.so.6
		libgcc_s.so.1
		libpthread.so.0
		libc.so.6
		libdl.so.2

[vega@lyra 2.1-native]$ export SINK_LD_LIBRARY_PATH=$MIC_LD_LIBRARY_PATH

[vega@lyra 2.1-native]$ micnativeloadex hello-openmp.MIC
Hello world! I have 244 logical processors.

